 LDSC

 Timestamp is 65f85726 (Mon Mar 18 17:00:54 2024)

 Preferred load address is 0000000140000000

 Start         Length     Name                   Class
 0001:00000000 00000160H .text$mn                CODE
 0001:00000160 000004ccH .text$mn$asm            CODE
 0001:0000062c 00000d04H .text$mn$cpp            CODE
 0001:00001330 00000044H .text$mn$cpp$s          CODE
 0001:00001374 0000001aH .text$mn$end            CODE
 0002:00000000 00000050H .idata$5                DATA
 0002:00000050 00000048H .rdata                  DATA
 0002:00000098 00000030H .rdata$voltmd           DATA
 0002:000000c8 000000dcH .xdata                  DATA
 0002:000001a4 00000000H .edata                  DATA
 0002:000001a4 00000014H .idata$2                DATA
 0002:000001b8 00000018H .idata$3                DATA
 0002:000001d0 00000050H .idata$4                DATA
 0002:00000220 00000094H .idata$6                DATA
 0003:00000000 00000000H .data                   DATA
 0003:00000000 0000000cH .bss                    DATA
 0004:00000000 00000078H .pdata                  DATA

  Address         Publics by Value              Rva+Base               Lib:Object

 0000:00000000       __AbsoluteZero             0000000000000000     <absolute>
 0000:00000000       __arm64x_extra_rfe_table   0000000000000000     <absolute>
 0000:00000000       __arm64x_extra_rfe_table_size 0000000000000000     <absolute>
 0000:00000000       __arm64x_native_entrypoint 0000000000000000     <absolute>
 0000:00000000       __arm64x_redirection_metadata 0000000000000000     <absolute>
 0000:00000000       __arm64x_redirection_metadata_count 0000000000000000     <absolute>
 0000:00000000       __dynamic_value_reloc_table 0000000000000000     <absolute>
 0000:00000000       __enclave_config           0000000000000000     <absolute>
 0000:00000000       __guard_check_icall_a64n_fptr 0000000000000000     <absolute>
 0000:00000000       __guard_eh_cont_count      0000000000000000     <absolute>
 0000:00000000       __guard_eh_cont_table      0000000000000000     <absolute>
 0000:00000000       __guard_fids_count         0000000000000000     <absolute>
 0000:00000000       __guard_fids_table         0000000000000000     <absolute>
 0000:00000000       __guard_flags              0000000000000000     <absolute>
 0000:00000000       __guard_iat_count          0000000000000000     <absolute>
 0000:00000000       __guard_iat_table          0000000000000000     <absolute>
 0000:00000000       __guard_longjmp_count      0000000000000000     <absolute>
 0000:00000000       __guard_longjmp_table      0000000000000000     <absolute>
 0000:00000000       __hybrid_auxiliary_delayload_iat 0000000000000000     <absolute>
 0000:00000000       __hybrid_auxiliary_delayload_iat_copy 0000000000000000     <absolute>
 0000:00000000       __hybrid_auxiliary_iat     0000000000000000     <absolute>
 0000:00000000       __hybrid_auxiliary_iat_copy 0000000000000000     <absolute>
 0000:00000000       __hybrid_code_map          0000000000000000     <absolute>
 0000:00000000       __hybrid_code_map_count    0000000000000000     <absolute>
 0000:00000000       __x64_code_ranges_to_entry_points 0000000000000000     <absolute>
 0000:00000000       __x64_code_ranges_to_entry_points_count 0000000000000000     <absolute>
 0001:00000000       ?PrepareCode@@YAJPEB_WPEA_K_K@Z 0000000140001000 f   FileName.obj
 0001:0000011c       ?ep@@YAXPEAX@Z             000000014000111c f   FileName.obj
 0001:00000160       ?AsmEntry@@YAXXZ           0000000140001160 f   code64.obj
 0001:000001a7       ?retFromMapViewOfSectionAddr@@YAPEAXXZ 00000001400011a7 f   code64.obj
 0001:000001b6       ?aMyVexHandler@@YAP6AJPEAU_EXCEPTION_POINTERS@@@ZXZ 00000001400011b6 f   code64.obj
 0001:000001e1       LdrGetProcedureAddress     00000001400011e1 f   code64.obj
 0001:00000201       LdrLoadDll                 0000000140001201 f   code64.obj
 0001:00000215       LdrUnloadDll               0000000140001215 f   code64.obj
 0001:0000022b       LdrGetDllHandle            000000014000122b f   code64.obj
 0001:00000244       LdrProcessRelocationBlock  0000000140001244 f   code64.obj
 0001:0000026a       NtCreateSection            000000014000126a f   code64.obj
 0001:00000286       ZwMapViewOfSection         0000000140001286 f   code64.obj
 0001:000002a5       ZwUnmapViewOfSection       00000001400012a5 f   code64.obj
 0001:000002c6       ZwProtectVirtualMemory     00000001400012c6 f   code64.obj
 0001:000002e9       NtOpenFile                 00000001400012e9 f   code64.obj
 0001:00000300       NtQueryDirectoryFile       0000000140001300 f   code64.obj
 0001:00000321       NtClose                    0000000140001321 f   code64.obj
 0001:00000335       NtReadFile                 0000000140001335 f   code64.obj
 0001:0000034c       NtWriteFile                000000014000134c f   code64.obj
 0001:00000364       NtFreeVirtualMemory        0000000140001364 f   code64.obj
 0001:00000384       ZwSetContextThread         0000000140001384 f   code64.obj
 0001:000003a3       RtlInitUnicodeString       00000001400013a3 f   code64.obj
 0001:000003c4       RtlEqualUnicodeString      00000001400013c4 f   code64.obj
 0001:000003e6       RtlAppendUnicodeStringToString 00000001400013e6 f   code64.obj
 0001:00000411       RtlAppendUnicodeToString   0000000140001411 f   code64.obj
 0001:00000436       RtlGetNtSystemRoot         0000000140001436 f   code64.obj
 0001:00000455       RtlDosPathNameToNtPathName_U_WithStatus 0000000140001455 f   code64.obj
 0001:00000489       RtlFreeUnicodeString       0000000140001489 f   code64.obj
 0001:000004aa       RtlAllocateHeap            00000001400014aa f   code64.obj
 0001:000004c6       RtlFreeHeap                00000001400014c6 f   code64.obj
 0001:000004de       RtlPushFrame               00000001400014de f   code64.obj
 0001:000004f7       RtlPopFrame                00000001400014f7 f   code64.obj
 0001:0000050f       RtlGetFrame                000000014000150f f   code64.obj
 0001:00000527       RtlGetCurrentPeb           0000000140001527 f   code64.obj
 0001:00000544       RtlImageNtHeader           0000000140001544 f   code64.obj
 0001:00000561       RtlImageDirectoryEntryToData 0000000140001561 f   code64.obj
 0001:0000058a       RtlAddVectoredExceptionHandler 000000014000158a f   code64.obj
 0001:000005b5       RtlRemoveVectoredExceptionHandler 00000001400015b5 f   code64.obj
 0001:000005e3       RtlSetProtectedPolicy      00000001400015e3 f   code64.obj
 0001:00000605       memset                     0000000140001605 f   code64.obj
 0001:00000618       memcpy                     0000000140001618 f   code64.obj
 0001:0000062c       ?GetFuncAddress@@YAPEAXPEBD@Z 000000014000162c f   load.obj
 0001:00000790       ?FindNoCfgDll@@YAJKPEAU_UNICODE_STRING@@@Z 0000000140001790 f   load.obj
 0001:00000ae0       ?ProtectEx@@YAJPEAX_KK0PEAH@Z 0000000140001ae0 f   load.obj
 0001:00000bec       ?OverwriteSection@@YAJPEAX0PEAU_IMAGE_NT_HEADERS64@@0@Z 0000000140001bec f   load.obj
 0001:00000e80       ?retFromMapViewOfSection@@YAJJ@Z 0000000140001e80 f   load.obj
 0001:00000f3c       ?MyVexHandler@@YAJPEAU_EXCEPTION_POINTERS@@@Z 0000000140001f3c f   load.obj
 0001:00001018       ?LoadLibraryFromMem@@YAJPEAPEAXPEAX1PEAU_IMAGE_NT_HEADERS64@@PEBU_UNICODE_STRING@@@Z 0000000140002018 f   load.obj
 0001:000011e8       ?LoadLibraryFromMem@@YAJPEAX0@Z 00000001400021e8 f   load.obj
 0001:00001330       ??_C@_1BG@NCCDOFIB@?$AA?2?$AAs?$AAy?$AAs?$AAt?$AAe?$AAm?$AA3?$AA2?$AA?2@FNODOBFM@ 0000000140002330     load.obj
 0001:00001350       ??_C@_1M@HNNPBALB@?$AA?$CK?$AA?4?$AAd?$AAl?$AAl@FNODOBFM@ 0000000140002350     load.obj
 0001:00001360       ??_C@_0BD@PPCCBCGB@ZwMapViewOfSection@FNODOBFM@ 0000000140002360     load.obj
 0001:00001374       ?SizeOfShellCode@@YA_KXZ   0000000140002374 f   load.obj
 0002:00000000       __imp_CreateFileW          0000000140003000     kernel32:KERNEL32.dll
 0002:00000008       __imp_WriteFile            0000000140003008     kernel32:KERNEL32.dll
 0002:00000010       __imp_GetLastError         0000000140003010     kernel32:KERNEL32.dll
 0002:00000018       __imp_CloseHandle          0000000140003018     kernel32:KERNEL32.dll
 0002:00000020       __imp_LocalAlloc           0000000140003020     kernel32:KERNEL32.dll
 0002:00000028       __imp_LocalFree            0000000140003028     kernel32:KERNEL32.dll
 0002:00000030       __imp_GetProcAddress       0000000140003030     kernel32:KERNEL32.dll
 0002:00000038       __imp_GetModuleHandleW     0000000140003038     kernel32:KERNEL32.dll
 0002:00000040       __imp_ExitProcess          0000000140003040     kernel32:KERNEL32.dll
 0002:00000048       \177KERNEL32_NULL_THUNK_DATA 0000000140003048     kernel32:KERNEL32.dll
 0002:00000050       ??_C@_0BA@MBBLBAHO@DQ?50?$CF016I64xh?$AN?6@ 0000000140003050     FileName.obj
 0002:00000060       ??_C@_09ECOADGFO@sprintf_s@ 0000000140003060     FileName.obj
 0002:00000070       ??_C@_1M@OAIMIKLP@?$AAn?$AAt?$AAd?$AAl?$AAl@ 0000000140003070     FileName.obj
 0002:00000080       ??_C@_1BI@LHFAMNP@?$AAs?$AAc?$AA?9?$AAl?$AAo?$AAa?$AAd?$AA?4?$AAa?$AAs?$AAm@ 0000000140003080     FileName.obj
 0002:00000098       __volatile_metadata        0000000140003098     <linker-defined>
 0002:000001a4       __IMPORT_DESCRIPTOR_KERNEL32 00000001400031a4     kernel32:KERNEL32.dll
 0002:000001b8       __NULL_IMPORT_DESCRIPTOR   00000001400031b8     kernel32:KERNEL32.dll
 0003:00000000       __imp_sprintf_s            0000000140004000     FileName.obj
 0003:00000008       __@@_PchSym_@00@UfhvihUsziibUxeoUgnkUcGEUivovzhvUowhxUhgwzucOlyq@4B2008FD98C1DD4 0000000140004008     stdafx.obj

 entry point at        0001:0000011c

 Static symbols

 0001:000001c3       common_imp_call            00000001400011c3 f   code64.obj
 0002:000000c8       $unwind$?PrepareCode@@YAJPEB_WPEA_K_K@Z 00000001400030c8     FileName.obj
 0002:000000e0       $unwind$?ep@@YAXPEAX@Z     00000001400030e0     FileName.obj
 0002:000000e8       $unwind$?GetFuncAddress@@YAPEAXPEBD@Z 00000001400030e8     load.obj
 0002:00000100       $unwind$?FindNoCfgDll@@YAJKPEAU_UNICODE_STRING@@@Z 0000000140003100     load.obj
 0002:0000011c       $unwind$?ProtectEx@@YAJPEAX_KK0PEAH@Z 000000014000311c     load.obj
 0002:0000012c       $unwind$?OverwriteSection@@YAJPEAX0PEAU_IMAGE_NT_HEADERS64@@0@Z 000000014000312c     load.obj
 0002:00000144       $unwind$?retFromMapViewOfSection@@YAJJ@Z 0000000140003144     load.obj
 0002:0000015c       $unwind$?MyVexHandler@@YAJPEAU_EXCEPTION_POINTERS@@@Z 000000014000315c     load.obj
 0002:00000168       $unwind$?LoadLibraryFromMem@@YAJPEAPEAXPEAX1PEAU_IMAGE_NT_HEADERS64@@PEBU_UNICODE_STRING@@@Z 0000000140003168     load.obj
 0002:00000188       $unwind$?LoadLibraryFromMem@@YAJPEAX0@Z 0000000140003188     load.obj
 0002:000002a6       .idata$6                   00000001400032a6     kernel32:KERNEL32.dll
