 LDSC

 Timestamp is 671041bf (Thu Oct 17 01:44:15 2024)

 Preferred load address is 00400000

 Start         Length     Name                   Class
 0001:00000000 00000110H .text$mn                CODE
 0001:00000110 000004f4H .text$mn$asm            CODE
 0001:00000604 00000acaH .text$mn$cpp            CODE
 0001:000010ce 00000011H .text$mn$end            CODE
 0002:00000000 00000028H .idata$5                DATA
 0002:00000028 00000040H .rdata                  DATA
 0002:00000068 00000000H .edata                  DATA
 0002:00000068 00000028H .rdata$voltmd           DATA
 0002:00000090 00000014H .idata$2                DATA
 0002:000000a4 00000014H .idata$3                DATA
 0002:000000b8 00000028H .idata$4                DATA
 0002:000000e0 00000094H .idata$6                DATA
 0003:00000000 00000000H .data                   DATA
 0003:00000000 00000008H .bss                    DATA

  Address         Publics by Value              Rva+Base       Lib:Object

 0000:00000000       ___AbsoluteZero            00000000     <absolute>
 0000:00000000       ___arm64x_extra_rfe_table  00000000     <absolute>
 0000:00000000       ___arm64x_extra_rfe_table_size 00000000     <absolute>
 0000:00000000       ___arm64x_native_entrypoint 00000000     <absolute>
 0000:00000000       ___arm64x_redirection_metadata 00000000     <absolute>
 0000:00000000       ___arm64x_redirection_metadata_count 00000000     <absolute>
 0000:00000000       ___dynamic_value_reloc_table 00000000     <absolute>
 0000:00000000       ___enclave_config          00000000     <absolute>
 0000:00000000       ___guard_check_icall_a64n_fptr 00000000     <absolute>
 0000:00000000       ___guard_eh_cont_count     00000000     <absolute>
 0000:00000000       ___guard_eh_cont_table     00000000     <absolute>
 0000:00000000       ___guard_fids_count        00000000     <absolute>
 0000:00000000       ___guard_fids_table        00000000     <absolute>
 0000:00000000       ___guard_flags             00000000     <absolute>
 0000:00000000       ___guard_iat_count         00000000     <absolute>
 0000:00000000       ___guard_iat_table         00000000     <absolute>
 0000:00000000       ___guard_longjmp_count     00000000     <absolute>
 0000:00000000       ___guard_longjmp_table     00000000     <absolute>
 0000:00000000       ___hybrid_auxiliary_delayload_iat 00000000     <absolute>
 0000:00000000       ___hybrid_auxiliary_delayload_iat_copy 00000000     <absolute>
 0000:00000000       ___hybrid_auxiliary_iat    00000000     <absolute>
 0000:00000000       ___hybrid_auxiliary_iat_copy 00000000     <absolute>
 0000:00000000       ___hybrid_code_map         00000000     <absolute>
 0000:00000000       ___hybrid_code_map_count   00000000     <absolute>
 0000:00000000       ___hybrid_image_info_bitfield 00000000     <absolute>
 0000:00000000       ___x64_code_ranges_to_entry_points 00000000     <absolute>
 0000:00000000       ___x64_code_ranges_to_entry_points_count 00000000     <absolute>
 0001:00000000       ?SaveToFile@@YGKPB_WPBXK@Z 00401000 f   FileName.obj
 0001:00000056       ?PrepareCode@@YGJPB_WPA_KK@Z 00401056 f   FileName.obj
 0001:000000dc       ?ep@@YGXPAX@Z              004010dc f   FileName.obj
 0001:00000110       ?AsmEntry@@YGXXZ           00401110 f   code32.obj
 0001:00000145       ?getSystem32@@YGPB_WXZ     00401145 f   code32.obj
 0001:00000163       ?getDll@@YGPB_WXZ          00401163 f   code32.obj
 0001:00000176       ?GetMapViewOfSection@@YGPBDXZ 00401176 f   code32.obj
 0001:00000190       ?retFromMapViewOfSectionAddr@@YGPAXXZ 00401190 f   code32.obj
 0001:0000019e       ?aMyVexHandler@@YGP6GJPAU_EXCEPTION_POINTERS@@@ZXZ 0040119e f   code32.obj
 0001:000001b7       _LdrGetProcedureAddress@16 004011b7 f   code32.obj
 0001:000001d6       _LdrLoadDll@16             004011d6 f   code32.obj
 0001:000001e9       _LdrUnloadDll@4            004011e9 f   code32.obj
 0001:000001fe       _LdrGetDllHandle@16        004011fe f   code32.obj
 0001:00000216       _LdrProcessRelocationBlock@16 00401216 f   code32.obj
 0001:0000023b       _NtCreateSection@28        0040123b f   code32.obj
 0001:00000256       _ZwMapViewOfSection@40     00401256 f   code32.obj
 0001:00000274       _ZwUnmapViewOfSection@8    00401274 f   code32.obj
 0001:00000294       _ZwProtectVirtualMemory@20 00401294 f   code32.obj
 0001:000002b6       _NtOpenFile@24             004012b6 f   code32.obj
 0001:000002cc       _NtQueryDirectoryFile@44   004012cc f   code32.obj
 0001:000002ec       _NtClose@4                 004012ec f   code32.obj
 0001:000002ff       _NtReadFile@36             004012ff f   code32.obj
 0001:00000315       _NtWriteFile@36            00401315 f   code32.obj
 0001:0000032c       _NtFreeVirtualMemory@16    0040132c f   code32.obj
 0001:0000034b       _ZwSetContextThread@8      0040134b f   code32.obj
 0001:00000369       _RtlInitUnicodeString@8    00401369 f   code32.obj
 0001:00000389       _RtlEqualUnicodeString@12  00401389 f   code32.obj
 0001:000003aa       _RtlAppendUnicodeStringToString@8 004013aa f   code32.obj
 0001:000003d4       _RtlAppendUnicodeToString@8 004013d4 f   code32.obj
 0001:000003f8       _RtlGetNtSystemRoot@0      004013f8 f   code32.obj
 0001:00000416       _RtlDosPathNameToNtPathName_U_WithStatus@16 00401416 f   code32.obj
 0001:00000449       _RtlFreeUnicodeString@4    00401449 f   code32.obj
 0001:00000469       _RtlAllocateHeap@12        00401469 f   code32.obj
 0001:00000484       _RtlFreeHeap@12            00401484 f   code32.obj
 0001:0000049b       _RtlPushFrame@4            0040149b f   code32.obj
 0001:000004b3       _RtlPopFrame@4             004014b3 f   code32.obj
 0001:000004ca       _RtlGetFrame@0             004014ca f   code32.obj
 0001:000004e1       _RtlGetCurrentPeb@0        004014e1 f   code32.obj
 0001:000004fd       _RtlImageNtHeader@4        004014fd f   code32.obj
 0001:00000519       _RtlImageDirectoryEntryToData@16 00401519 f   code32.obj
 0001:00000541       _RtlAddVectoredExceptionHandler@8 00401541 f   code32.obj
 0001:0000056b       _RtlRemoveVectoredExceptionHandler@4 0040156b f   code32.obj
 0001:00000598       _RtlSetProtectedPolicy@12  00401598 f   code32.obj
 0001:000005b9       _RtlWow64EnableFsRedirection@4 004015b9 f   code32.obj
 0001:000005e0       _memset                    004015e0 f   code32.obj
 0001:000005f2       _memcpy                    004015f2 f   code32.obj
 0001:00000604       ?GetFuncAddress@@YIPAXPAU_IMAGE_DOS_HEADER@@PBD@Z 00401604 f   load.obj
 0001:00000742       ?GetFuncAddress@@YIPAXPBD@Z 00401742 f   load.obj
 0001:0000075c       ?IsImageOk@@YGEKPAX@Z      0040175c f   load.obj
 0001:0000086a       ?FindNoCfgDll@@YGJKPAU_UNICODE_STRING@@@Z 0040186a f   load.obj
 0001:00000a56       ?get@IMAGE_Ctx@@SGPAU1@XZ  00401a56 f i load.obj
 0001:00000a7c       ?ProtectEx@@YGJPAXKK0PAH@Z 00401a7c f   load.obj
 0001:00000b18       ?OverwriteSection@@YGJPAX0PAU_IMAGE_NT_HEADERS@@0@Z 00401b18 f   load.obj
 0001:00000d70       ?retFromMapViewOfSection@@YIJJ@Z 00401d70 f   load.obj
 0001:00000dcc       ?MyVexHandler@@YGJPAU_EXCEPTION_POINTERS@@@Z 00401dcc f   load.obj
 0001:00000e68       ?LoadLibraryFromMem@@YGJPAPAXPAX1PAU_IMAGE_NT_HEADERS@@PBU_UNICODE_STRING@@@Z 00401e68 f   load.obj
 0001:00000ff0       ?LoadLibraryFromMem@@YIJPAX0@Z 00401ff0 f   load.obj
 0001:000010ce       ?SizeOfShellCode@@YGKXZ    004020ce f   load.obj
 0002:00000000       __imp__CreateFileW@28      00403000     kernel32:KERNEL32.dll
 0002:00000004       __imp__WriteFile@20        00403004     kernel32:KERNEL32.dll
 0002:00000008       __imp__GetLastError@0      00403008     kernel32:KERNEL32.dll
 0002:0000000c       __imp__CloseHandle@4       0040300c     kernel32:KERNEL32.dll
 0002:00000010       __imp__LocalAlloc@8        00403010     kernel32:KERNEL32.dll
 0002:00000014       __imp__LocalFree@4         00403014     kernel32:KERNEL32.dll
 0002:00000018       __imp__GetProcAddress@8    00403018     kernel32:KERNEL32.dll
 0002:0000001c       __imp__GetModuleHandleW@4  0040301c     kernel32:KERNEL32.dll
 0002:00000020       __imp__ExitProcess@4       00403020     kernel32:KERNEL32.dll
 0002:00000024       \177KERNEL32_NULL_THUNK_DATA 00403024     kernel32:KERNEL32.dll
 0002:00000028       ??_C@_0BA@MBBLBAHO@DQ?50?$CF016I64xh?$AN?6@ 00403028     FileName.obj
 0002:00000038       ??_C@_09ECOADGFO@sprintf_s@ 00403038     FileName.obj
 0002:00000044       ??_C@_1M@OAIMIKLP@?$AAn?$AAt?$AAd?$AAl?$AAl@ 00403044     FileName.obj
 0002:00000050       ??_C@_1BI@LHFAMNP@?$AAs?$AAc?$AA?9?$AAl?$AAo?$AAa?$AAd?$AA?4?$AAa?$AAs?$AAm@ 00403050     FileName.obj
 0002:00000068       ___volatile_metadata       00403068     <linker-defined>
 0002:00000090       __IMPORT_DESCRIPTOR_KERNEL32 00403090     kernel32:KERNEL32.dll
 0002:000000a4       __NULL_IMPORT_DESCRIPTOR   004030a4     kernel32:KERNEL32.dll
 0003:00000000       __imp__sprintf_s           00404000     FileName.obj
 0003:00000004       ___@@_PchSym_@00@UfhvihUsziibUwlxfnvmghUtrgsfyUzioUgnkUdrmDCUivovzhvUowhxUhgwzucOlyq@4B2008FD98C1DD4 00404004     stdafx.obj

 entry point at        0001:000000dc

 Static symbols

 0001:000001aa       common_imp_call            004011aa f   code32.obj
 0002:00000166       .idata$6                   00403166     kernel32:KERNEL32.dll
